// Jest Snapshot v1, https://goo.gl/fbAQLP

exports[`Renders <TabBar/> 1`] = `
<View
  style={
    Object {
      "borderTopColor": "#eee",
      "borderTopWidth": 1,
      "flexDirection": "row",
      "height": 50,
      "justifyContent": "space-around",
    }
  }
>
  <View
    accessible={true}
    isTVSelectable={true}
    onResponderGrant={[Function]}
    onResponderMove={[Function]}
    onResponderRelease={[Function]}
    onResponderTerminate={[Function]}
    onResponderTerminationRequest={[Function]}
    onStartShouldSetResponder={[Function]}
    style={
      Object {
        "margin": 5,
        "opacity": 1,
      }
    }
  >
    <View>
      <Text
        allowFontScaling={false}
        style={
          Array [
            Object {
              "color": "#ccc",
              "fontSize": 22,
            },
            Object {
              "textAlign": "center",
            },
            Object {
              "fontFamily": "Ionicons",
              "fontStyle": "normal",
              "fontWeight": "normal",
            },
            Object {},
          ]
        }
      >
        
      </Text>
      <Text
        style={
          Array [
            Object {
              "color": "#aaa",
              "fontSize": 13,
            },
            undefined,
          ]
        }
      >
        Calendar
      </Text>
    </View>
  </View>
  <View
    accessible={true}
    isTVSelectable={true}
    onResponderGrant={[Function]}
    onResponderMove={[Function]}
    onResponderRelease={[Function]}
    onResponderTerminate={[Function]}
    onResponderTerminationRequest={[Function]}
    onStartShouldSetResponder={[Function]}
    style={
      Object {
        "margin": 5,
        "opacity": 1,
      }
    }
  >
    <View>
      <Text
        allowFontScaling={false}
        style={
          Array [
            Object {
              "color": "#ccc",
              "fontSize": 22,
            },
            Object {
              "textAlign": "center",
            },
            Object {
              "fontFamily": "Ionicons",
              "fontStyle": "normal",
              "fontWeight": "normal",
            },
            Object {},
          ]
        }
      >
        
      </Text>
      <Text
        style={
          Array [
            Object {
              "color": "#aaa",
              "fontSize": 13,
            },
            undefined,
          ]
        }
      >
        Today
      </Text>
    </View>
  </View>
  <View
    accessible={true}
    isTVSelectable={true}
    onResponderGrant={[Function]}
    onResponderMove={[Function]}
    onResponderRelease={[Function]}
    onResponderTerminate={[Function]}
    onResponderTerminationRequest={[Function]}
    onStartShouldSetResponder={[Function]}
    style={
      Object {
        "margin": 5,
        "opacity": 1,
      }
    }
  >
    <View>
      <Text
        allowFontScaling={false}
        style={
          Array [
            Object {
              "color": "#ccc",
              "fontSize": 22,
            },
            Object {
              "textAlign": "center",
            },
            Object {
              "fontFamily": "Ionicons",
              "fontStyle": "normal",
              "fontWeight": "normal",
            },
            Object {},
          ]
        }
      >
        
      </Text>
      <Text
        style={
          Array [
            Object {
              "color": "#aaa",
              "fontSize": 13,
            },
            undefined,
          ]
        }
      >
        Settings
      </Text>
    </View>
  </View>
</View>
`;
