// Jest Snapshot v1, https://goo.gl/fbAQLP

exports[`Tests parser with mock data Parses schooldays and matches the snapshot 1`] = `
Array [
  Object {
    "date": "2020-02-05",
    "dayNumber": 7,
    "isHalf": true,
    "meta": "",
  },
  Object {
    "date": "2019-11-06",
    "dayNumber": 6,
    "isHalf": true,
    "meta": "",
  },
  Object {
    "date": "2020-01-08",
    "dayNumber": 4,
    "isHalf": true,
    "meta": "",
  },
  Object {
    "date": "2020-05-06",
    "dayNumber": 4,
    "isHalf": true,
    "meta": "",
  },
  Object {
    "date": "2020-04-01",
    "dayNumber": 3,
    "isHalf": true,
    "meta": "",
  },
  Object {
    "date": "2020-06-05",
    "dayNumber": 2,
    "isHalf": true,
    "meta": "",
  },
  Object {
    "date": "2019-12-04",
    "dayNumber": 2,
    "isHalf": true,
    "meta": "",
  },
  Object {
    "date": "2019-11-27",
    "dayNumber": 1,
    "isHalf": true,
    "meta": "",
  },
  Object {
    "date": "2019-10-16",
    "dayNumber": 1,
    "isHalf": true,
    "meta": "",
  },
  Object {
    "date": "2020-03-04",
    "dayNumber": 1,
    "isHalf": true,
    "meta": "",
  },
  Object {
    "date": "2019-10-15",
    "dayNumber": 7,
    "isHalf": false,
    "meta": "",
  },
  Object {
    "date": "2020-06-16",
    "dayNumber": 7,
    "isHalf": false,
    "meta": "",
  },
  Object {
    "date": "2019-11-05",
    "dayNumber": 7,
    "isHalf": false,
    "meta": "",
  },
  Object {
    "date": "2020-02-25",
    "dayNumber": 7,
    "isHalf": false,
    "meta": "",
  },
  Object {
    "date": "2019-10-25",
    "dayNumber": 7,
    "isHalf": false,
    "meta": "",
  },
  Object {
    "date": "2019-12-13",
    "dayNumber": 7,
    "isHalf": false,
    "meta": "",
  },
  Object {
    "date": "2019-12-03",
    "dayNumber": 7,
    "isHalf": false,
    "meta": "",
  },
  Object {
    "date": "2019-09-20",
    "dayNumber": 7,
    "isHalf": false,
    "meta": "",
  },
  Object {
    "date": "2019-09-11",
    "dayNumber": 7,
    "isHalf": false,
    "meta": "",
  },
  Object {
    "date": "2020-03-30",
    "dayNumber": 7,
    "isHalf": false,
    "meta": "",
  },
  Object {
    "date": "2019-11-18",
    "dayNumber": 7,
    "isHalf": false,
    "meta": "",
  },
  Object {
    "date": "2020-05-08",
    "dayNumber": 7,
    "isHalf": false,
    "meta": "",
  },
  Object {
    "date": "2020-06-04",
    "dayNumber": 7,
    "isHalf": false,
    "meta": "",
  },
  Object {
    "date": "2020-04-28",
    "dayNumber": 7,
    "isHalf": false,
    "meta": "",
  },
  Object {
    "date": "2020-03-06",
    "dayNumber": 7,
    "isHalf": false,
    "meta": "",
  },
  Object {
    "date": "2020-01-15",
    "dayNumber": 7,
    "isHalf": false,
    "meta": "",
  },
  Object {
    "date": "2020-03-17",
    "dayNumber": 7,
    "isHalf": false,
    "meta": "",
  },
  Object {
    "date": "2020-01-28",
    "dayNumber": 7,
    "isHalf": false,
    "meta": "",
  },
  Object {
    "date": "2020-02-07",
    "dayNumber": 7,
    "isHalf": false,
    "meta": "",
  },
  Object {
    "date": "2020-04-09",
    "dayNumber": 7,
    "isHalf": false,
    "meta": "",
  },
  Object {
    "date": "2020-05-21",
    "dayNumber": 7,
    "isHalf": false,
    "meta": "",
  },
  Object {
    "date": "2019-10-02",
    "dayNumber": 7,
    "isHalf": false,
    "meta": "",
  },
  Object {
    "date": "2020-01-03",
    "dayNumber": 7,
    "isHalf": false,
    "meta": "",
  },
  Object {
    "date": "2020-02-06",
    "dayNumber": 6,
    "isHalf": false,
    "meta": "",
  },
  Object {
    "date": "2019-11-15",
    "dayNumber": 6,
    "isHalf": false,
    "meta": "",
  },
  Object {
    "date": "2019-10-24",
    "dayNumber": 6,
    "isHalf": false,
    "meta": "",
  },
  Object {
    "date": "2020-05-07",
    "dayNumber": 6,
    "isHalf": false,
    "meta": "",
  },
  Object {
    "date": "2019-09-10",
    "dayNumber": 6,
    "isHalf": false,
    "meta": "",
  },
  Object {
    "date": "2019-12-12",
    "dayNumber": 6,
    "isHalf": false,
    "meta": "",
  },
  Object {
    "date": "2020-01-27",
    "dayNumber": 6,
    "isHalf": false,
    "meta": "",
  },
  Object {
    "date": "2019-10-11",
    "dayNumber": 6,
    "isHalf": false,
    "meta": "",
  },
  Object {
    "date": "2020-01-02",
    "dayNumber": 6,
    "isHalf": false,
    "meta": "",
  },
  Object {
    "date": "2020-03-27",
    "dayNumber": 6,
    "isHalf": false,
    "meta": "",
  },
  Object {
    "date": "2020-02-24",
    "dayNumber": 6,
    "isHalf": false,
    "meta": "",
  },
  Object {
    "date": "2020-03-05",
    "dayNumber": 6,
    "isHalf": false,
    "meta": "",
  },
  Object {
    "date": "2020-04-27",
    "dayNumber": 6,
    "isHalf": false,
    "meta": "",
  },
  Object {
    "date": "2020-06-15",
    "dayNumber": 6,
    "isHalf": false,
    "meta": "",
  },
  Object {
    "date": "2020-01-14",
    "dayNumber": 6,
    "isHalf": false,
    "meta": "",
  },
  Object {
    "date": "2019-11-26",
    "dayNumber": 6,
    "isHalf": false,
    "meta": "",
  },
  Object {
    "date": "2020-04-08",
    "dayNumber": 6,
    "isHalf": false,
    "meta": "",
  },
  Object {
    "date": "2020-06-01",
    "dayNumber": 6,
    "isHalf": false,
    "meta": "",
  },
  Object {
    "date": "2019-11-04",
    "dayNumber": 6,
    "isHalf": false,
    "meta": "",
  },
  Object {
    "date": "2019-09-19",
    "dayNumber": 6,
    "isHalf": false,
    "meta": "",
  },
  Object {
    "date": "2019-10-01",
    "dayNumber": 6,
    "isHalf": false,
    "meta": "",
  },
  Object {
    "date": "2020-05-18",
    "dayNumber": 6,
    "isHalf": false,
    "meta": "",
  },
  Object {
    "date": "2020-03-16",
    "dayNumber": 6,
    "isHalf": false,
    "meta": "",
  },
  Object {
    "date": "2020-02-14",
    "dayNumber": 5,
    "isHalf": false,
    "meta": "",
  },
  Object {
    "date": "2019-09-09",
    "dayNumber": 5,
    "isHalf": false,
    "meta": "",
  },
  Object {
    "date": "2020-04-07",
    "dayNumber": 5,
    "isHalf": false,
    "meta": "",
  },
  Object {
    "date": "2020-05-15",
    "dayNumber": 5,
    "isHalf": false,
    "meta": "",
  },
  Object {
    "date": "2019-11-01",
    "dayNumber": 5,
    "isHalf": false,
    "meta": "",
  },
  Object {
    "date": "2019-10-23",
    "dayNumber": 5,
    "isHalf": false,
    "meta": "",
  },
  Object {
    "date": "2019-12-11",
    "dayNumber": 5,
    "isHalf": false,
    "meta": "",
  },
  Object {
    "date": "2020-03-13",
    "dayNumber": 5,
    "isHalf": false,
    "meta": "",
  },
  Object {
    "date": "2020-06-12",
    "dayNumber": 5,
    "isHalf": false,
    "meta": "",
  },
  Object {
    "date": "2020-02-04",
    "dayNumber": 5,
    "isHalf": false,
    "meta": "",
  },
  Object {
    "date": "2019-09-18",
    "dayNumber": 5,
    "isHalf": false,
    "meta": "",
  },
  Object {
    "date": "2019-11-14",
    "dayNumber": 5,
    "isHalf": false,
    "meta": "",
  },
  Object {
    "date": "2020-01-13",
    "dayNumber": 5,
    "isHalf": false,
    "meta": "",
  },
  Object {
    "date": "2020-03-03",
    "dayNumber": 5,
    "isHalf": false,
    "meta": "",
  },
  Object {
    "date": "2020-03-26",
    "dayNumber": 5,
    "isHalf": false,
    "meta": "",
  },
  Object {
    "date": "2020-05-29",
    "dayNumber": 5,
    "isHalf": false,
    "meta": "",
  },
  Object {
    "date": "2020-04-17",
    "dayNumber": 5,
    "isHalf": false,
    "meta": "",
  },
  Object {
    "date": "2020-01-23",
    "dayNumber": 5,
    "isHalf": false,
    "meta": "",
  },
  Object {
    "date": "2019-11-25",
    "dayNumber": 5,
    "isHalf": false,
    "meta": "",
  },
  Object {
    "date": "2019-12-20",
    "dayNumber": 5,
    "isHalf": false,
    "meta": "",
  },
  Object {
    "date": "2020-05-05",
    "dayNumber": 5,
    "isHalf": false,
    "meta": "",
  },
  Object {
    "date": "2019-10-10",
    "dayNumber": 5,
    "isHalf": false,
    "meta": "",
  },
  Object {
    "date": "2019-09-27",
    "dayNumber": 5,
    "isHalf": false,
    "meta": "",
  },
  Object {
    "date": "2020-02-03",
    "dayNumber": 4,
    "isHalf": false,
    "meta": "",
  },
  Object {
    "date": "2019-12-10",
    "dayNumber": 4,
    "isHalf": false,
    "meta": "",
  },
  Object {
    "date": "2020-04-16",
    "dayNumber": 4,
    "isHalf": false,
    "meta": "",
  },
  Object {
    "date": "2020-03-23",
    "dayNumber": 4,
    "isHalf": false,
    "meta": "",
  },
  Object {
    "date": "2019-09-17",
    "dayNumber": 4,
    "isHalf": false,
    "meta": "",
  },
  Object {
    "date": "2020-01-22",
    "dayNumber": 4,
    "isHalf": false,
    "meta": "",
  },
  Object {
    "date": "2020-05-28",
    "dayNumber": 4,
    "isHalf": false,
    "meta": "",
  },
  Object {
    "date": "2020-02-13",
    "dayNumber": 4,
    "isHalf": false,
    "meta": "",
  },
  Object {
    "date": "2019-10-08",
    "dayNumber": 4,
    "isHalf": false,
    "meta": "",
  },
  Object {
    "date": "2020-05-04",
    "dayNumber": 4,
    "isHalf": false,
    "meta": "",
  },
  Object {
    "date": "2020-03-12",
    "dayNumber": 4,
    "isHalf": false,
    "meta": "",
  },
  Object {
    "date": "2019-10-22",
    "dayNumber": 4,
    "isHalf": false,
    "meta": "",
  },
  Object {
    "date": "2020-01-10",
    "dayNumber": 4,
    "isHalf": false,
    "meta": "",
  },
  Object {
    "date": "2019-11-13",
    "dayNumber": 4,
    "isHalf": false,
    "meta": "",
  },
  Object {
    "date": "2019-10-31",
    "dayNumber": 4,
    "isHalf": false,
    "meta": "",
  },
  Object {
    "date": "2019-09-26",
    "dayNumber": 4,
    "isHalf": false,
    "meta": "",
  },
  Object {
    "date": "2020-04-06",
    "dayNumber": 4,
    "isHalf": false,
    "meta": "",
  },
  Object {
    "date": "2020-06-22",
    "dayNumber": 4,
    "isHalf": false,
    "meta": "",
  },
  Object {
    "date": "2019-11-22",
    "dayNumber": 4,
    "isHalf": false,
    "meta": "",
  },
  Object {
    "date": "2019-12-19",
    "dayNumber": 4,
    "isHalf": false,
    "meta": "",
  },
  Object {
    "date": "2020-03-02",
    "dayNumber": 4,
    "isHalf": false,
    "meta": "",
  },
  Object {
    "date": "2020-05-14",
    "dayNumber": 4,
    "isHalf": false,
    "meta": "",
  },
  Object {
    "date": "2019-09-06",
    "dayNumber": 4,
    "isHalf": false,
    "meta": "",
  },
  Object {
    "date": "2020-06-11",
    "dayNumber": 4,
    "isHalf": false,
    "meta": "",
  },
  Object {
    "date": "2020-03-11",
    "dayNumber": 3,
    "isHalf": false,
    "meta": "",
  },
  Object {
    "date": "2019-10-07",
    "dayNumber": 3,
    "isHalf": false,
    "meta": "",
  },
  Object {
    "date": "2019-12-18",
    "dayNumber": 3,
    "isHalf": false,
    "meta": "",
  },
  Object {
    "date": "2020-06-19",
    "dayNumber": 3,
    "isHalf": false,
    "meta": "",
  },
  Object {
    "date": "2020-02-28",
    "dayNumber": 3,
    "isHalf": false,
    "meta": "",
  },
  Object {
    "date": "2019-09-16",
    "dayNumber": 3,
    "isHalf": false,
    "meta": "",
  },
  Object {
    "date": "2019-11-12",
    "dayNumber": 3,
    "isHalf": false,
    "meta": "",
  },
  Object {
    "date": "2020-05-01",
    "dayNumber": 3,
    "isHalf": false,
    "meta": "",
  },
  Object {
    "date": "2020-04-15",
    "dayNumber": 3,
    "isHalf": false,
    "meta": "",
  },
  Object {
    "date": "2020-03-20",
    "dayNumber": 3,
    "isHalf": false,
    "meta": "",
  },
  Object {
    "date": "2019-12-09",
    "dayNumber": 3,
    "isHalf": false,
    "meta": "",
  },
  Object {
    "date": "2020-04-03",
    "dayNumber": 3,
    "isHalf": false,
    "meta": "",
  },
  Object {
    "date": "2019-09-25",
    "dayNumber": 3,
    "isHalf": false,
    "meta": "",
  },
  Object {
    "date": "2019-11-21",
    "dayNumber": 3,
    "isHalf": false,
    "meta": "",
  },
  Object {
    "date": "2020-01-31",
    "dayNumber": 3,
    "isHalf": false,
    "meta": "",
  },
  Object {
    "date": "2019-09-05",
    "dayNumber": 3,
    "isHalf": false,
    "meta": "",
  },
  Object {
    "date": "2019-10-21",
    "dayNumber": 3,
    "isHalf": false,
    "meta": "",
  },
  Object {
    "date": "2020-05-13",
    "dayNumber": 3,
    "isHalf": false,
    "meta": "",
  },
  Object {
    "date": "2020-01-21",
    "dayNumber": 3,
    "isHalf": false,
    "meta": "",
  },
  Object {
    "date": "2019-10-30",
    "dayNumber": 3,
    "isHalf": false,
    "meta": "",
  },
  Object {
    "date": "2020-05-27",
    "dayNumber": 3,
    "isHalf": false,
    "meta": "",
  },
  Object {
    "date": "2020-01-09",
    "dayNumber": 3,
    "isHalf": false,
    "meta": "",
  },
  Object {
    "date": "2020-06-10",
    "dayNumber": 3,
    "isHalf": false,
    "meta": "",
  },
  Object {
    "date": "2020-02-12",
    "dayNumber": 3,
    "isHalf": false,
    "meta": "",
  },
  Object {
    "date": "2020-05-26",
    "dayNumber": 2,
    "isHalf": false,
    "meta": "",
  },
  Object {
    "date": "2020-06-18",
    "dayNumber": 2,
    "isHalf": false,
    "meta": "",
  },
  Object {
    "date": "2019-12-06",
    "dayNumber": 2,
    "isHalf": false,
    "meta": "",
  },
  Object {
    "date": "2019-11-20",
    "dayNumber": 2,
    "isHalf": false,
    "meta": "",
  },
  Object {
    "date": "2019-10-29",
    "dayNumber": 2,
    "isHalf": false,
    "meta": "",
  },
  Object {
    "date": "2020-03-10",
    "dayNumber": 2,
    "isHalf": false,
    "meta": "",
  },
  Object {
    "date": "2019-09-24",
    "dayNumber": 2,
    "isHalf": false,
    "meta": "",
  },
  Object {
    "date": "2019-09-04",
    "dayNumber": 2,
    "isHalf": false,
    "meta": "",
  },
  Object {
    "date": "2019-10-18",
    "dayNumber": 2,
    "isHalf": false,
    "meta": "",
  },
  Object {
    "date": "2020-01-17",
    "dayNumber": 2,
    "isHalf": false,
    "meta": "",
  },
  Object {
    "date": "2020-02-27",
    "dayNumber": 2,
    "isHalf": false,
    "meta": "",
  },
  Object {
    "date": "2020-03-19",
    "dayNumber": 2,
    "isHalf": false,
    "meta": "",
  },
  Object {
    "date": "2020-01-30",
    "dayNumber": 2,
    "isHalf": false,
    "meta": "",
  },
  Object {
    "date": "2020-06-09",
    "dayNumber": 2,
    "isHalf": false,
    "meta": "",
  },
  Object {
    "date": "2020-04-30",
    "dayNumber": 2,
    "isHalf": false,
    "meta": "",
  },
  Object {
    "date": "2020-04-02",
    "dayNumber": 2,
    "isHalf": false,
    "meta": "",
  },
  Object {
    "date": "2019-10-04",
    "dayNumber": 2,
    "isHalf": false,
    "meta": "",
  },
  Object {
    "date": "2019-09-13",
    "dayNumber": 2,
    "isHalf": false,
    "meta": "",
  },
  Object {
    "date": "2020-05-12",
    "dayNumber": 2,
    "isHalf": false,
    "meta": "",
  },
  Object {
    "date": "2019-11-08",
    "dayNumber": 2,
    "isHalf": false,
    "meta": "",
  },
  Object {
    "date": "2020-04-14",
    "dayNumber": 2,
    "isHalf": false,
    "meta": "",
  },
  Object {
    "date": "2020-01-07",
    "dayNumber": 2,
    "isHalf": false,
    "meta": "",
  },
  Object {
    "date": "2019-12-17",
    "dayNumber": 2,
    "isHalf": false,
    "meta": "",
  },
  Object {
    "date": "2020-02-11",
    "dayNumber": 2,
    "isHalf": false,
    "meta": "",
  },
  Object {
    "date": "2019-10-03",
    "dayNumber": 1,
    "isHalf": false,
    "meta": "",
  },
  Object {
    "date": "2020-05-11",
    "dayNumber": 1,
    "isHalf": false,
    "meta": "",
  },
  Object {
    "date": "2020-05-22",
    "dayNumber": 1,
    "isHalf": false,
    "meta": "",
  },
  Object {
    "date": "2019-12-16",
    "dayNumber": 1,
    "isHalf": false,
    "meta": "",
  },
  Object {
    "date": "2019-08-28",
    "dayNumber": 1,
    "isHalf": false,
    "meta": "",
  },
  Object {
    "date": "2020-04-13",
    "dayNumber": 1,
    "isHalf": false,
    "meta": "",
  },
  Object {
    "date": "2020-04-29",
    "dayNumber": 1,
    "isHalf": false,
    "meta": "",
  },
  Object {
    "date": "2019-11-07",
    "dayNumber": 1,
    "isHalf": false,
    "meta": "",
  },
  Object {
    "date": "2020-02-26",
    "dayNumber": 1,
    "isHalf": false,
    "meta": "",
  },
  Object {
    "date": "2020-01-29",
    "dayNumber": 1,
    "isHalf": false,
    "meta": "",
  },
  Object {
    "date": "2019-11-19",
    "dayNumber": 1,
    "isHalf": false,
    "meta": "",
  },
  Object {
    "date": "2020-01-06",
    "dayNumber": 1,
    "isHalf": false,
    "meta": "",
  },
  Object {
    "date": "2020-06-08",
    "dayNumber": 1,
    "isHalf": false,
    "meta": "",
  },
  Object {
    "date": "2019-10-17",
    "dayNumber": 1,
    "isHalf": false,
    "meta": "",
  },
  Object {
    "date": "2020-03-31",
    "dayNumber": 1,
    "isHalf": false,
    "meta": "",
  },
  Object {
    "date": "2019-09-23",
    "dayNumber": 1,
    "isHalf": false,
    "meta": "",
  },
  Object {
    "date": "2019-08-30",
    "dayNumber": 1,
    "isHalf": false,
    "meta": "",
  },
  Object {
    "date": "2019-09-12",
    "dayNumber": 1,
    "isHalf": false,
    "meta": "",
  },
  Object {
    "date": "2020-01-16",
    "dayNumber": 1,
    "isHalf": false,
    "meta": "",
  },
  Object {
    "date": "2020-03-09",
    "dayNumber": 1,
    "isHalf": false,
    "meta": "",
  },
  Object {
    "date": "2020-02-10",
    "dayNumber": 1,
    "isHalf": false,
    "meta": "",
  },
  Object {
    "date": "2019-12-05",
    "dayNumber": 1,
    "isHalf": false,
    "meta": "",
  },
  Object {
    "date": "2019-09-03",
    "dayNumber": 1,
    "isHalf": false,
    "meta": "",
  },
  Object {
    "date": "2020-06-17",
    "dayNumber": 1,
    "isHalf": false,
    "meta": "",
  },
  Object {
    "date": "2020-03-18",
    "dayNumber": 1,
    "isHalf": false,
    "meta": "",
  },
  Object {
    "date": "2019-10-28",
    "dayNumber": 1,
    "isHalf": false,
    "meta": "",
  },
  Object {
    "date": "2019-08-29",
    "dayNumber": 1,
    "isHalf": false,
    "meta": "",
  },
]
`;
