// Jest Snapshot v1, https://goo.gl/fbAQLP

exports[`Renders <ClearCalCacheCell/> 1`] = `
<View
  accessible={true}
  focusable={true}
  isTVSelectable={true}
  onClick={[Function]}
  onResponderGrant={[Function]}
  onResponderMove={[Function]}
  onResponderRelease={[Function]}
  onResponderTerminate={[Function]}
  onResponderTerminationRequest={[Function]}
  onStartShouldSetResponder={[Function]}
  style={null}
>
  <RCTSafeAreaView
    emulateUnlessSupported={true}
    style={
      Array [
        Object {
          "flex": 1,
        },
        Object {
          "backgroundColor": "#FFF",
        },
      ]
    }
  >
    <View
      style={
        Array [
          Object {
            "alignItems": "center",
            "flexDirection": "row",
            "minHeight": 44,
            "paddingLeft": 15,
            "paddingRight": 20,
          },
          Object {
            "backgroundColor": "#FFF",
          },
          Object {},
        ]
      }
    >
      <View
        style={
          Array [
            Object {
              "alignItems": "center",
              "flex": 1,
              "flexDirection": "row",
              "justifyContent": "center",
              "paddingVertical": 10,
            },
            Object {
              "paddingVertical": 4,
            },
          ]
        }
      >
        <View
          style={
            Object {
              "flex": 1,
              "flexDirection": "column",
            }
          }
        >
          <Text
            allowFontScaling={true}
            numberOfLines={1}
            style={
              Array [
                Object {
                  "flex": 1,
                  "fontSize": 16,
                  "letterSpacing": -0.32,
                },
                Object {
                  "color": "#000",
                },
                Array [
                  Object {
                    "color": "#ff5050",
                  },
                ],
              ]
            }
          >
            Clear Calendar Cache
          </Text>
          <Text
            allowFontScaling={true}
            numberOfLines={1}
            style={
              Array [
                Object {
                  "fontSize": 11,
                  "letterSpacing": 0.066,
                },
                Object {
                  "color": "#000",
                },
                Object {},
              ]
            }
          >
            Last update: 50 years ago
          </Text>
        </View>
      </View>
    </View>
  </RCTSafeAreaView>
</View>
`;
