// Jest Snapshot v1, https://goo.gl/fbAQLP

exports[`Tests different variations of <SchoolDayPicker> Renders SchoolDayPicker 1`] = `
<RCTScrollView
  collapsable={false}
  horizontal={true}
  onGestureHandlerEvent={[Function]}
  onGestureHandlerStateChange={[Function]}
>
  <View>
    <View
      accessible={true}
      isTVSelectable={true}
      onResponderGrant={[Function]}
      onResponderMove={[Function]}
      onResponderRelease={[Function]}
      onResponderTerminate={[Function]}
      onResponderTerminationRequest={[Function]}
      onStartShouldSetResponder={[Function]}
      style={
        Object {
          "opacity": 1,
        }
      }
    >
      <View
        style={
          Array [
            Object {
              "alignContent": "center",
              "backgroundColor": "white",
              "borderColor": "#CECECE",
              "borderRadius": 10,
              "borderWidth": 1,
              "marginHorizontal": 10,
              "padding": 10,
            },
            Object {
              "backgroundColor": "black",
            },
            undefined,
          ]
        }
      >
        <Text
          style={
            Array [
              Object {
                "fontSize": 18,
                "height": 20,
                "textAlign": "center",
                "width": 20,
              },
              Object {
                "color": "white",
              },
            ]
          }
        >
          1
        </Text>
      </View>
    </View>
    <View
      accessible={true}
      isTVSelectable={true}
      onResponderGrant={[Function]}
      onResponderMove={[Function]}
      onResponderRelease={[Function]}
      onResponderTerminate={[Function]}
      onResponderTerminationRequest={[Function]}
      onStartShouldSetResponder={[Function]}
      style={
        Object {
          "opacity": 1,
        }
      }
    >
      <View
        style={
          Array [
            Object {
              "alignContent": "center",
              "backgroundColor": "white",
              "borderColor": "#CECECE",
              "borderRadius": 10,
              "borderWidth": 1,
              "marginHorizontal": 10,
              "padding": 10,
            },
            Object {
              "backgroundColor": "black",
            },
            undefined,
          ]
        }
      >
        <Text
          style={
            Array [
              Object {
                "fontSize": 18,
                "height": 20,
                "textAlign": "center",
                "width": 20,
              },
              Object {
                "color": "white",
              },
            ]
          }
        >
          2
        </Text>
      </View>
    </View>
    <View
      accessible={true}
      isTVSelectable={true}
      onResponderGrant={[Function]}
      onResponderMove={[Function]}
      onResponderRelease={[Function]}
      onResponderTerminate={[Function]}
      onResponderTerminationRequest={[Function]}
      onStartShouldSetResponder={[Function]}
      style={
        Object {
          "opacity": 1,
        }
      }
    >
      <View
        style={
          Array [
            Object {
              "alignContent": "center",
              "backgroundColor": "white",
              "borderColor": "#CECECE",
              "borderRadius": 10,
              "borderWidth": 1,
              "marginHorizontal": 10,
              "padding": 10,
            },
            undefined,
            undefined,
          ]
        }
      >
        <Text
          style={
            Array [
              Object {
                "fontSize": 18,
                "height": 20,
                "textAlign": "center",
                "width": 20,
              },
              undefined,
            ]
          }
        >
          3
        </Text>
      </View>
    </View>
    <View
      accessible={true}
      isTVSelectable={true}
      onResponderGrant={[Function]}
      onResponderMove={[Function]}
      onResponderRelease={[Function]}
      onResponderTerminate={[Function]}
      onResponderTerminationRequest={[Function]}
      onStartShouldSetResponder={[Function]}
      style={
        Object {
          "opacity": 1,
        }
      }
    >
      <View
        style={
          Array [
            Object {
              "alignContent": "center",
              "backgroundColor": "white",
              "borderColor": "#CECECE",
              "borderRadius": 10,
              "borderWidth": 1,
              "marginHorizontal": 10,
              "padding": 10,
            },
            undefined,
            undefined,
          ]
        }
      >
        <Text
          style={
            Array [
              Object {
                "fontSize": 18,
                "height": 20,
                "textAlign": "center",
                "width": 20,
              },
              undefined,
            ]
          }
        >
          4
        </Text>
      </View>
    </View>
    <View
      accessible={true}
      isTVSelectable={true}
      onResponderGrant={[Function]}
      onResponderMove={[Function]}
      onResponderRelease={[Function]}
      onResponderTerminate={[Function]}
      onResponderTerminationRequest={[Function]}
      onStartShouldSetResponder={[Function]}
      style={
        Object {
          "opacity": 1,
        }
      }
    >
      <View
        style={
          Array [
            Object {
              "alignContent": "center",
              "backgroundColor": "white",
              "borderColor": "#CECECE",
              "borderRadius": 10,
              "borderWidth": 1,
              "marginHorizontal": 10,
              "padding": 10,
            },
            undefined,
            undefined,
          ]
        }
      >
        <Text
          style={
            Array [
              Object {
                "fontSize": 18,
                "height": 20,
                "textAlign": "center",
                "width": 20,
              },
              undefined,
            ]
          }
        >
          5
        </Text>
      </View>
    </View>
    <View
      accessible={true}
      isTVSelectable={true}
      onResponderGrant={[Function]}
      onResponderMove={[Function]}
      onResponderRelease={[Function]}
      onResponderTerminate={[Function]}
      onResponderTerminationRequest={[Function]}
      onStartShouldSetResponder={[Function]}
      style={
        Object {
          "opacity": 1,
        }
      }
    >
      <View
        style={
          Array [
            Object {
              "alignContent": "center",
              "backgroundColor": "white",
              "borderColor": "#CECECE",
              "borderRadius": 10,
              "borderWidth": 1,
              "marginHorizontal": 10,
              "padding": 10,
            },
            Object {
              "backgroundColor": "black",
            },
            undefined,
          ]
        }
      >
        <Text
          style={
            Array [
              Object {
                "fontSize": 18,
                "height": 20,
                "textAlign": "center",
                "width": 20,
              },
              Object {
                "color": "white",
              },
            ]
          }
        >
          6
        </Text>
      </View>
    </View>
    <View
      accessible={true}
      isTVSelectable={true}
      onResponderGrant={[Function]}
      onResponderMove={[Function]}
      onResponderRelease={[Function]}
      onResponderTerminate={[Function]}
      onResponderTerminationRequest={[Function]}
      onStartShouldSetResponder={[Function]}
      style={
        Object {
          "opacity": 1,
        }
      }
    >
      <View
        style={
          Array [
            Object {
              "alignContent": "center",
              "backgroundColor": "white",
              "borderColor": "#CECECE",
              "borderRadius": 10,
              "borderWidth": 1,
              "marginHorizontal": 10,
              "padding": 10,
            },
            Object {
              "backgroundColor": "black",
            },
            undefined,
          ]
        }
      >
        <Text
          style={
            Array [
              Object {
                "fontSize": 18,
                "height": 20,
                "textAlign": "center",
                "width": 20,
              },
              Object {
                "color": "white",
              },
            ]
          }
        >
          7
        </Text>
      </View>
    </View>
  </View>
</RCTScrollView>
`;

exports[`Tests different variations of <SchoolDayPicker> Renders SchoolDayPicker with a restaint and corrects value 1`] = `
<RCTScrollView
  collapsable={false}
  horizontal={true}
  onGestureHandlerEvent={[Function]}
  onGestureHandlerStateChange={[Function]}
>
  <View>
    <View
      accessible={true}
      isTVSelectable={true}
      onResponderGrant={[Function]}
      onResponderMove={[Function]}
      onResponderRelease={[Function]}
      onResponderTerminate={[Function]}
      onResponderTerminationRequest={[Function]}
      onStartShouldSetResponder={[Function]}
      style={
        Object {
          "opacity": 1,
        }
      }
    >
      <View
        style={
          Array [
            Object {
              "alignContent": "center",
              "backgroundColor": "white",
              "borderColor": "#CECECE",
              "borderRadius": 10,
              "borderWidth": 1,
              "marginHorizontal": 10,
              "padding": 10,
            },
            Object {
              "backgroundColor": "black",
            },
            undefined,
          ]
        }
      >
        <Text
          style={
            Array [
              Object {
                "fontSize": 18,
                "height": 20,
                "textAlign": "center",
                "width": 20,
              },
              Object {
                "color": "white",
              },
            ]
          }
        >
          1
        </Text>
      </View>
    </View>
    <View
      accessible={true}
      isTVSelectable={true}
      onResponderGrant={[Function]}
      onResponderMove={[Function]}
      onResponderRelease={[Function]}
      onResponderTerminate={[Function]}
      onResponderTerminationRequest={[Function]}
      onStartShouldSetResponder={[Function]}
      style={
        Object {
          "opacity": 1,
        }
      }
    >
      <View
        style={
          Array [
            Object {
              "alignContent": "center",
              "backgroundColor": "white",
              "borderColor": "#CECECE",
              "borderRadius": 10,
              "borderWidth": 1,
              "marginHorizontal": 10,
              "padding": 10,
            },
            Object {
              "backgroundColor": "black",
            },
            Object {
              "backgroundColor": "grey",
            },
          ]
        }
      >
        <Text
          style={
            Array [
              Object {
                "fontSize": 18,
                "height": 20,
                "textAlign": "center",
                "width": 20,
              },
              Object {
                "color": "white",
              },
            ]
          }
        >
          2
        </Text>
      </View>
    </View>
    <View
      accessible={true}
      isTVSelectable={true}
      onResponderGrant={[Function]}
      onResponderMove={[Function]}
      onResponderRelease={[Function]}
      onResponderTerminate={[Function]}
      onResponderTerminationRequest={[Function]}
      onStartShouldSetResponder={[Function]}
      style={
        Object {
          "opacity": 1,
        }
      }
    >
      <View
        style={
          Array [
            Object {
              "alignContent": "center",
              "backgroundColor": "white",
              "borderColor": "#CECECE",
              "borderRadius": 10,
              "borderWidth": 1,
              "marginHorizontal": 10,
              "padding": 10,
            },
            undefined,
            undefined,
          ]
        }
      >
        <Text
          style={
            Array [
              Object {
                "fontSize": 18,
                "height": 20,
                "textAlign": "center",
                "width": 20,
              },
              undefined,
            ]
          }
        >
          3
        </Text>
      </View>
    </View>
    <View
      accessible={true}
      isTVSelectable={true}
      onResponderGrant={[Function]}
      onResponderMove={[Function]}
      onResponderRelease={[Function]}
      onResponderTerminate={[Function]}
      onResponderTerminationRequest={[Function]}
      onStartShouldSetResponder={[Function]}
      style={
        Object {
          "opacity": 1,
        }
      }
    >
      <View
        style={
          Array [
            Object {
              "alignContent": "center",
              "backgroundColor": "white",
              "borderColor": "#CECECE",
              "borderRadius": 10,
              "borderWidth": 1,
              "marginHorizontal": 10,
              "padding": 10,
            },
            Object {
              "backgroundColor": "black",
            },
            undefined,
          ]
        }
      >
        <Text
          style={
            Array [
              Object {
                "fontSize": 18,
                "height": 20,
                "textAlign": "center",
                "width": 20,
              },
              Object {
                "color": "white",
              },
            ]
          }
        >
          4
        </Text>
      </View>
    </View>
    <View
      accessible={true}
      isTVSelectable={true}
      onResponderGrant={[Function]}
      onResponderMove={[Function]}
      onResponderRelease={[Function]}
      onResponderTerminate={[Function]}
      onResponderTerminationRequest={[Function]}
      onStartShouldSetResponder={[Function]}
      style={
        Object {
          "opacity": 1,
        }
      }
    >
      <View
        style={
          Array [
            Object {
              "alignContent": "center",
              "backgroundColor": "white",
              "borderColor": "#CECECE",
              "borderRadius": 10,
              "borderWidth": 1,
              "marginHorizontal": 10,
              "padding": 10,
            },
            Object {
              "backgroundColor": "black",
            },
            Object {
              "backgroundColor": "grey",
            },
          ]
        }
      >
        <Text
          style={
            Array [
              Object {
                "fontSize": 18,
                "height": 20,
                "textAlign": "center",
                "width": 20,
              },
              Object {
                "color": "white",
              },
            ]
          }
        >
          5
        </Text>
      </View>
    </View>
    <View
      accessible={true}
      isTVSelectable={true}
      onResponderGrant={[Function]}
      onResponderMove={[Function]}
      onResponderRelease={[Function]}
      onResponderTerminate={[Function]}
      onResponderTerminationRequest={[Function]}
      onStartShouldSetResponder={[Function]}
      style={
        Object {
          "opacity": 1,
        }
      }
    >
      <View
        style={
          Array [
            Object {
              "alignContent": "center",
              "backgroundColor": "white",
              "borderColor": "#CECECE",
              "borderRadius": 10,
              "borderWidth": 1,
              "marginHorizontal": 10,
              "padding": 10,
            },
            Object {
              "backgroundColor": "black",
            },
            undefined,
          ]
        }
      >
        <Text
          style={
            Array [
              Object {
                "fontSize": 18,
                "height": 20,
                "textAlign": "center",
                "width": 20,
              },
              Object {
                "color": "white",
              },
            ]
          }
        >
          6
        </Text>
      </View>
    </View>
    <View
      accessible={true}
      isTVSelectable={true}
      onResponderGrant={[Function]}
      onResponderMove={[Function]}
      onResponderRelease={[Function]}
      onResponderTerminate={[Function]}
      onResponderTerminationRequest={[Function]}
      onStartShouldSetResponder={[Function]}
      style={
        Object {
          "opacity": 1,
        }
      }
    >
      <View
        style={
          Array [
            Object {
              "alignContent": "center",
              "backgroundColor": "white",
              "borderColor": "#CECECE",
              "borderRadius": 10,
              "borderWidth": 1,
              "marginHorizontal": 10,
              "padding": 10,
            },
            Object {
              "backgroundColor": "black",
            },
            undefined,
          ]
        }
      >
        <Text
          style={
            Array [
              Object {
                "fontSize": 18,
                "height": 20,
                "textAlign": "center",
                "width": 20,
              },
              Object {
                "color": "white",
              },
            ]
          }
        >
          7
        </Text>
      </View>
    </View>
  </View>
</RCTScrollView>
`;
