// Jest Snapshot v1, https://goo.gl/fbAQLP

exports[`Test the functionality of a normal CalendarStore Gets the school day on 2019-09-06T00:00:00Z 1`] = `
Object {
  "date": "2019-09-06",
  "dayNumber": 4,
  "isHalf": false,
  "meta": "",
}
`;

exports[`Test the functionality of a normal CalendarStore Updates the calendar correctly 1`] = `
CalendarStore {
  "_updated": 1567794107139,
  "events": Object {
    "2019-10-08": Array [
      Object {
        "description": "",
        "end": "20191009001000",
        "isAllDay": true,
        "location": "",
        "name": "No School",
        "stamp": "20191011201051",
        "start": "20191008001000",
      },
    ],
    "2019-11-05": Array [
      Object {
        "description": "",
        "end": "20191104001100",
        "isAllDay": true,
        "location": "",
        "name": "No School",
        "stamp": "20191011201051",
        "start": "20191105001100",
      },
    ],
    "2019-11-12": Array [
      Object {
        "description": "",
        "end": "20191113001100",
        "isAllDay": true,
        "location": "",
        "name": "No School",
        "stamp": "20191011201051",
        "start": "20191112001100",
      },
    ],
    "2019-11-17": Array [
      Object {
        "description": "",
        "end": "20191118001100",
        "isAllDay": true,
        "location": "",
        "name": "No School",
        "stamp": "20191011201051",
        "start": "20191117001100",
      },
    ],
    "2019-12-12": Array [
      Object {
        "description": "",
        "end": "20191213001200",
        "isAllDay": true,
        "location": "",
        "name": "No School",
        "stamp": "20191011201051",
        "start": "20191212001200",
      },
    ],
    "2019-12-29": Array [
      Object {
        "description": "",
        "end": "20191230001200",
        "isAllDay": true,
        "location": "",
        "name": "No School",
        "stamp": "20191011201051",
        "start": "20191229001200",
      },
    ],
    "2019-12-30": Array [
      Object {
        "description": "",
        "end": "20191231001200",
        "isAllDay": true,
        "location": "",
        "name": "No School",
        "stamp": "20191011201051",
        "start": "20191230001200",
      },
    ],
    "2020-01-07": Array [
      Object {
        "description": "",
        "end": "20200108000100",
        "isAllDay": true,
        "location": "",
        "name": "Professional Day",
        "stamp": "20191011201051",
        "start": "20200107000100",
      },
    ],
    "2020-01-28": Array [
      Object {
        "description": "",
        "end": "20200129000100",
        "isAllDay": true,
        "location": "",
        "name": "No School - School Vacation",
        "stamp": "20191011201051",
        "start": "20200128000100",
      },
    ],
    "2020-01-29": Array [
      Object {
        "description": "",
        "end": "20200130000100",
        "isAllDay": true,
        "location": "",
        "name": "No School - School Vacation",
        "stamp": "20191011201051",
        "start": "20200129000100",
      },
    ],
    "2020-01-30": Array [
      Object {
        "description": "",
        "end": "20200131000100",
        "isAllDay": true,
        "location": "",
        "name": "No School - School Vacation",
        "stamp": "20191011201051",
        "start": "20200130000100",
      },
    ],
    "2020-01-31": Array [
      Object {
        "description": "",
        "end": "20200201000200",
        "isAllDay": true,
        "location": "",
        "name": "No School - School Vacation",
        "stamp": "20191011201051",
        "start": "20200131000100",
      },
    ],
    "2020-02-01": Array [
      Object {
        "description": "",
        "end": "20200202000200",
        "isAllDay": true,
        "location": "",
        "name": "No School - School Vacation",
        "stamp": "20191011201051",
        "start": "20200201000200",
      },
    ],
    "2020-02-03": Array [
      Object {
        "description": "",
        "end": "20200204000200",
        "isAllDay": true,
        "location": "",
        "name": "No School - School Vacation",
        "stamp": "20191011201051",
        "start": "20200203000200",
      },
    ],
    "2020-02-04": Array [
      Object {
        "description": "",
        "end": "20200205000200",
        "isAllDay": true,
        "location": "",
        "name": "No School - School Vacation",
        "stamp": "20191011201051",
        "start": "20200204000200",
      },
    ],
    "2020-02-05": Array [
      Object {
        "description": "",
        "end": "20200203000200",
        "isAllDay": true,
        "location": "",
        "name": "No School - School Vacation",
        "stamp": "20191011201051",
        "start": "20200205000200",
      },
    ],
    "2020-02-22": Array [
      Object {
        "description": "",
        "end": "20200223000200",
        "isAllDay": true,
        "location": "",
        "name": "No School",
        "stamp": "20191011201051",
        "start": "20200222000200",
      },
    ],
    "2020-02-26": Array [
      Object {
        "description": "",
        "end": "20200227000200",
        "isAllDay": true,
        "location": "",
        "name": "Makeup Day",
        "stamp": "20191011201051",
        "start": "20200226000200",
      },
    ],
    "2020-03-18": Array [
      Object {
        "description": "",
        "end": "20200319000300",
        "isAllDay": true,
        "location": "",
        "name": "No School - School Vacation",
        "stamp": "20191011201051",
        "start": "20200318000300",
      },
    ],
    "2020-03-19": Array [
      Object {
        "description": "",
        "end": "20200320000300",
        "isAllDay": true,
        "location": "",
        "name": "No School - School Vacation",
        "stamp": "20191011201051",
        "start": "20200319000300",
      },
    ],
    "2020-03-20": Array [
      Object {
        "description": "",
        "end": "20200321000300",
        "isAllDay": true,
        "location": "",
        "name": "No School - School Vacation",
        "stamp": "20191011201051",
        "start": "20200320000300",
      },
    ],
    "2020-03-21": Array [
      Object {
        "description": "",
        "end": "20200322000300",
        "isAllDay": true,
        "location": "",
        "name": "No School - School Vacation",
        "stamp": "20191011201051",
        "start": "20200321000300",
      },
    ],
    "2020-03-22": Array [
      Object {
        "description": "",
        "end": "20200323000300",
        "isAllDay": true,
        "location": "",
        "name": "No School - School Vacation",
        "stamp": "20191011201051",
        "start": "20200322000300",
      },
    ],
    "2020-04-29": Array [
      Object {
        "description": "",
        "end": "20200430000400",
        "isAllDay": true,
        "location": "",
        "name": "MCAS Day 5",
        "stamp": "20191011201051",
        "start": "20200429000400",
      },
    ],
    "2020-04-30": Array [
      Object {
        "description": "",
        "end": "20200501000500",
        "isAllDay": true,
        "location": "",
        "name": "MCAS Day 6",
        "stamp": "20191011201051",
        "start": "20200430000400",
      },
    ],
    "2020-05-13": Array [
      Object {
        "description": "",
        "end": "20200514000500",
        "isAllDay": true,
        "location": "",
        "name": "No School",
        "stamp": "20191011201051",
        "start": "20200513000500",
      },
    ],
    "2020-05-23": Array [
      Object {
        "description": "",
        "end": "20200524000500",
        "isAllDay": true,
        "location": "",
        "name": "No School - School Vacation",
        "stamp": "20191011201051",
        "start": "20200523000500",
      },
    ],
    "2020-05-24": Array [
      Object {
        "description": "",
        "end": "20200525000500",
        "isAllDay": true,
        "location": "",
        "name": "No School - School Vacation",
        "stamp": "20191011201051",
        "start": "20200524000500",
      },
    ],
    "2020-05-25": Array [
      Object {
        "description": "",
        "end": "20200526000500",
        "isAllDay": true,
        "location": "",
        "name": "No School - School Vacation",
        "stamp": "20191011201051",
        "start": "20200525000500",
      },
    ],
    "2020-05-26": Array [
      Object {
        "description": "",
        "end": "20200527000500",
        "isAllDay": true,
        "location": "",
        "name": "No School - School Vacation",
        "stamp": "20191011201051",
        "start": "20200526000500",
      },
    ],
    "2020-05-27": Array [
      Object {
        "description": "",
        "end": "20200528000500",
        "isAllDay": true,
        "location": "",
        "name": "No School - School Vacation",
        "stamp": "20191011201051",
        "start": "20200527000500",
      },
    ],
    "2020-06-19": Array [
      Object {
        "description": "",
        "end": "20200620000600",
        "isAllDay": true,
        "location": "",
        "name": "MCAS Day 1",
        "stamp": "20191011201051",
        "start": "20200619000600",
      },
    ],
    "2020-06-20": Array [
      Object {
        "description": "",
        "end": "20200621000600",
        "isAllDay": true,
        "location": "",
        "name": "MCAS Day 2",
        "stamp": "20191011201051",
        "start": "20200620000600",
      },
    ],
    "2020-06-25": Array [
      Object {
        "description": "",
        "end": "20200626000600",
        "isAllDay": true,
        "location": "",
        "name": "No School",
        "stamp": "20191011201051",
        "start": "20200625000600",
      },
    ],
    "2020-07-07": Array [
      Object {
        "description": "",
        "end": "20200708000700",
        "isAllDay": true,
        "location": "",
        "name": "MCAS Day 3",
        "stamp": "20191011201051",
        "start": "20200707000700",
      },
    ],
    "2020-07-08": Array [
      Object {
        "description": "",
        "end": "20200709000700",
        "isAllDay": true,
        "location": "",
        "name": "MCAS Day 4",
        "stamp": "20191011201051",
        "start": "20200708000700",
      },
    ],
  },
  "nextSchoolDayMap": Map {},
  "schoolDays": Object {
    "2019-08-28": Object {
      "date": "2019-08-28",
      "dayNumber": 1,
      "isHalf": false,
      "meta": "",
    },
    "2019-08-29": Object {
      "date": "2019-08-29",
      "dayNumber": 1,
      "isHalf": false,
      "meta": "",
    },
    "2019-08-30": Object {
      "date": "2019-08-30",
      "dayNumber": 1,
      "isHalf": false,
      "meta": "",
    },
    "2019-09-03": Object {
      "date": "2019-09-03",
      "dayNumber": 1,
      "isHalf": false,
      "meta": "",
    },
    "2019-09-04": Object {
      "date": "2019-09-04",
      "dayNumber": 2,
      "isHalf": false,
      "meta": "",
    },
    "2019-09-05": Object {
      "date": "2019-09-05",
      "dayNumber": 3,
      "isHalf": false,
      "meta": "",
    },
    "2019-09-06": Object {
      "date": "2019-09-06",
      "dayNumber": 4,
      "isHalf": false,
      "meta": "",
    },
    "2019-09-09": Object {
      "date": "2019-09-09",
      "dayNumber": 5,
      "isHalf": false,
      "meta": "",
    },
    "2019-09-10": Object {
      "date": "2019-09-10",
      "dayNumber": 6,
      "isHalf": false,
      "meta": "",
    },
    "2019-09-11": Object {
      "date": "2019-09-11",
      "dayNumber": 7,
      "isHalf": false,
      "meta": "",
    },
    "2019-09-12": Object {
      "date": "2019-09-12",
      "dayNumber": 1,
      "isHalf": false,
      "meta": "",
    },
    "2019-09-13": Object {
      "date": "2019-09-13",
      "dayNumber": 2,
      "isHalf": false,
      "meta": "",
    },
    "2019-09-16": Object {
      "date": "2019-09-16",
      "dayNumber": 3,
      "isHalf": false,
      "meta": "",
    },
    "2019-09-17": Object {
      "date": "2019-09-17",
      "dayNumber": 4,
      "isHalf": false,
      "meta": "",
    },
    "2019-09-18": Object {
      "date": "2019-09-18",
      "dayNumber": 5,
      "isHalf": false,
      "meta": "",
    },
    "2019-09-19": Object {
      "date": "2019-09-19",
      "dayNumber": 6,
      "isHalf": false,
      "meta": "",
    },
    "2019-09-20": Object {
      "date": "2019-09-20",
      "dayNumber": 7,
      "isHalf": false,
      "meta": "",
    },
    "2019-09-23": Object {
      "date": "2019-09-23",
      "dayNumber": 1,
      "isHalf": false,
      "meta": "",
    },
    "2019-09-24": Object {
      "date": "2019-09-24",
      "dayNumber": 2,
      "isHalf": false,
      "meta": "",
    },
    "2019-09-25": Object {
      "date": "2019-09-25",
      "dayNumber": 3,
      "isHalf": false,
      "meta": "",
    },
    "2019-09-26": Object {
      "date": "2019-09-26",
      "dayNumber": 4,
      "isHalf": false,
      "meta": "",
    },
    "2019-09-27": Object {
      "date": "2019-09-27",
      "dayNumber": 5,
      "isHalf": false,
      "meta": "",
    },
    "2019-10-01": Object {
      "date": "2019-10-01",
      "dayNumber": 6,
      "isHalf": false,
      "meta": "",
    },
    "2019-10-02": Object {
      "date": "2019-10-02",
      "dayNumber": 7,
      "isHalf": false,
      "meta": "",
    },
    "2019-10-03": Object {
      "date": "2019-10-03",
      "dayNumber": 1,
      "isHalf": false,
      "meta": "",
    },
    "2019-10-04": Object {
      "date": "2019-10-04",
      "dayNumber": 2,
      "isHalf": false,
      "meta": "",
    },
    "2019-10-07": Object {
      "date": "2019-10-07",
      "dayNumber": 3,
      "isHalf": false,
      "meta": "",
    },
    "2019-10-08": Object {
      "date": "2019-10-08",
      "dayNumber": 4,
      "isHalf": false,
      "meta": "",
    },
    "2019-10-10": Object {
      "date": "2019-10-10",
      "dayNumber": 5,
      "isHalf": false,
      "meta": "",
    },
    "2019-10-11": Object {
      "date": "2019-10-11",
      "dayNumber": 6,
      "isHalf": false,
      "meta": "",
    },
    "2019-10-15": Object {
      "date": "2019-10-15",
      "dayNumber": 7,
      "isHalf": false,
      "meta": "",
    },
    "2019-10-16": Object {
      "date": "2019-10-16",
      "dayNumber": 1,
      "isHalf": true,
      "meta": "",
    },
    "2019-10-17": Object {
      "date": "2019-10-17",
      "dayNumber": 1,
      "isHalf": false,
      "meta": "",
    },
    "2019-10-18": Object {
      "date": "2019-10-18",
      "dayNumber": 2,
      "isHalf": false,
      "meta": "",
    },
    "2019-10-21": Object {
      "date": "2019-10-21",
      "dayNumber": 3,
      "isHalf": false,
      "meta": "",
    },
    "2019-10-22": Object {
      "date": "2019-10-22",
      "dayNumber": 4,
      "isHalf": false,
      "meta": "",
    },
    "2019-10-23": Object {
      "date": "2019-10-23",
      "dayNumber": 5,
      "isHalf": false,
      "meta": "",
    },
    "2019-10-24": Object {
      "date": "2019-10-24",
      "dayNumber": 6,
      "isHalf": false,
      "meta": "",
    },
    "2019-10-25": Object {
      "date": "2019-10-25",
      "dayNumber": 7,
      "isHalf": false,
      "meta": "",
    },
    "2019-10-28": Object {
      "date": "2019-10-28",
      "dayNumber": 1,
      "isHalf": false,
      "meta": "",
    },
    "2019-10-29": Object {
      "date": "2019-10-29",
      "dayNumber": 2,
      "isHalf": false,
      "meta": "",
    },
    "2019-10-30": Object {
      "date": "2019-10-30",
      "dayNumber": 3,
      "isHalf": false,
      "meta": "",
    },
    "2019-10-31": Object {
      "date": "2019-10-31",
      "dayNumber": 4,
      "isHalf": false,
      "meta": "",
    },
    "2019-11-01": Object {
      "date": "2019-11-01",
      "dayNumber": 5,
      "isHalf": false,
      "meta": "",
    },
    "2019-11-04": Object {
      "date": "2019-11-04",
      "dayNumber": 6,
      "isHalf": false,
      "meta": "",
    },
    "2019-11-05": Object {
      "date": "2019-11-05",
      "dayNumber": 7,
      "isHalf": false,
      "meta": "",
    },
    "2019-11-06": Object {
      "date": "2019-11-06",
      "dayNumber": 6,
      "isHalf": true,
      "meta": "",
    },
    "2019-11-07": Object {
      "date": "2019-11-07",
      "dayNumber": 1,
      "isHalf": false,
      "meta": "",
    },
    "2019-11-08": Object {
      "date": "2019-11-08",
      "dayNumber": 2,
      "isHalf": false,
      "meta": "",
    },
    "2019-11-12": Object {
      "date": "2019-11-12",
      "dayNumber": 3,
      "isHalf": false,
      "meta": "",
    },
    "2019-11-13": Object {
      "date": "2019-11-13",
      "dayNumber": 4,
      "isHalf": false,
      "meta": "",
    },
    "2019-11-14": Object {
      "date": "2019-11-14",
      "dayNumber": 5,
      "isHalf": false,
      "meta": "",
    },
    "2019-11-15": Object {
      "date": "2019-11-15",
      "dayNumber": 6,
      "isHalf": false,
      "meta": "",
    },
    "2019-11-18": Object {
      "date": "2019-11-18",
      "dayNumber": 7,
      "isHalf": false,
      "meta": "",
    },
    "2019-11-19": Object {
      "date": "2019-11-19",
      "dayNumber": 1,
      "isHalf": false,
      "meta": "",
    },
    "2019-11-20": Object {
      "date": "2019-11-20",
      "dayNumber": 2,
      "isHalf": false,
      "meta": "",
    },
    "2019-11-21": Object {
      "date": "2019-11-21",
      "dayNumber": 3,
      "isHalf": false,
      "meta": "",
    },
    "2019-11-22": Object {
      "date": "2019-11-22",
      "dayNumber": 4,
      "isHalf": false,
      "meta": "",
    },
    "2019-11-25": Object {
      "date": "2019-11-25",
      "dayNumber": 5,
      "isHalf": false,
      "meta": "",
    },
    "2019-11-26": Object {
      "date": "2019-11-26",
      "dayNumber": 6,
      "isHalf": false,
      "meta": "",
    },
    "2019-11-27": Object {
      "date": "2019-11-27",
      "dayNumber": 1,
      "isHalf": true,
      "meta": "",
    },
    "2019-12-03": Object {
      "date": "2019-12-03",
      "dayNumber": 7,
      "isHalf": false,
      "meta": "",
    },
    "2019-12-04": Object {
      "date": "2019-12-04",
      "dayNumber": 2,
      "isHalf": true,
      "meta": "",
    },
    "2019-12-05": Object {
      "date": "2019-12-05",
      "dayNumber": 1,
      "isHalf": false,
      "meta": "",
    },
    "2019-12-06": Object {
      "date": "2019-12-06",
      "dayNumber": 2,
      "isHalf": false,
      "meta": "",
    },
    "2019-12-09": Object {
      "date": "2019-12-09",
      "dayNumber": 3,
      "isHalf": false,
      "meta": "",
    },
    "2019-12-10": Object {
      "date": "2019-12-10",
      "dayNumber": 4,
      "isHalf": false,
      "meta": "",
    },
    "2019-12-11": Object {
      "date": "2019-12-11",
      "dayNumber": 5,
      "isHalf": false,
      "meta": "",
    },
    "2019-12-12": Object {
      "date": "2019-12-12",
      "dayNumber": 6,
      "isHalf": false,
      "meta": "",
    },
    "2019-12-13": Object {
      "date": "2019-12-13",
      "dayNumber": 7,
      "isHalf": false,
      "meta": "",
    },
    "2019-12-16": Object {
      "date": "2019-12-16",
      "dayNumber": 1,
      "isHalf": false,
      "meta": "",
    },
    "2019-12-17": Object {
      "date": "2019-12-17",
      "dayNumber": 2,
      "isHalf": false,
      "meta": "",
    },
    "2019-12-18": Object {
      "date": "2019-12-18",
      "dayNumber": 3,
      "isHalf": false,
      "meta": "",
    },
    "2019-12-19": Object {
      "date": "2019-12-19",
      "dayNumber": 4,
      "isHalf": false,
      "meta": "",
    },
    "2019-12-20": Object {
      "date": "2019-12-20",
      "dayNumber": 5,
      "isHalf": false,
      "meta": "",
    },
    "2020-01-02": Object {
      "date": "2020-01-02",
      "dayNumber": 6,
      "isHalf": false,
      "meta": "",
    },
    "2020-01-03": Object {
      "date": "2020-01-03",
      "dayNumber": 7,
      "isHalf": false,
      "meta": "",
    },
    "2020-01-06": Object {
      "date": "2020-01-06",
      "dayNumber": 1,
      "isHalf": false,
      "meta": "",
    },
    "2020-01-07": Object {
      "date": "2020-01-07",
      "dayNumber": 2,
      "isHalf": false,
      "meta": "",
    },
    "2020-01-08": Object {
      "date": "2020-01-08",
      "dayNumber": 4,
      "isHalf": true,
      "meta": "",
    },
    "2020-01-09": Object {
      "date": "2020-01-09",
      "dayNumber": 3,
      "isHalf": false,
      "meta": "",
    },
    "2020-01-10": Object {
      "date": "2020-01-10",
      "dayNumber": 4,
      "isHalf": false,
      "meta": "",
    },
    "2020-01-13": Object {
      "date": "2020-01-13",
      "dayNumber": 5,
      "isHalf": false,
      "meta": "",
    },
    "2020-01-14": Object {
      "date": "2020-01-14",
      "dayNumber": 6,
      "isHalf": false,
      "meta": "",
    },
    "2020-01-15": Object {
      "date": "2020-01-15",
      "dayNumber": 7,
      "isHalf": false,
      "meta": "",
    },
    "2020-01-16": Object {
      "date": "2020-01-16",
      "dayNumber": 1,
      "isHalf": false,
      "meta": "",
    },
    "2020-01-17": Object {
      "date": "2020-01-17",
      "dayNumber": 2,
      "isHalf": false,
      "meta": "",
    },
    "2020-01-21": Object {
      "date": "2020-01-21",
      "dayNumber": 3,
      "isHalf": false,
      "meta": "",
    },
    "2020-01-22": Object {
      "date": "2020-01-22",
      "dayNumber": 4,
      "isHalf": false,
      "meta": "",
    },
    "2020-01-23": Object {
      "date": "2020-01-23",
      "dayNumber": 5,
      "isHalf": false,
      "meta": "",
    },
    "2020-01-27": Object {
      "date": "2020-01-27",
      "dayNumber": 6,
      "isHalf": false,
      "meta": "",
    },
    "2020-01-28": Object {
      "date": "2020-01-28",
      "dayNumber": 7,
      "isHalf": false,
      "meta": "",
    },
    "2020-01-29": Object {
      "date": "2020-01-29",
      "dayNumber": 1,
      "isHalf": false,
      "meta": "",
    },
    "2020-01-30": Object {
      "date": "2020-01-30",
      "dayNumber": 2,
      "isHalf": false,
      "meta": "",
    },
    "2020-01-31": Object {
      "date": "2020-01-31",
      "dayNumber": 3,
      "isHalf": false,
      "meta": "",
    },
    "2020-02-03": Object {
      "date": "2020-02-03",
      "dayNumber": 4,
      "isHalf": false,
      "meta": "",
    },
    "2020-02-04": Object {
      "date": "2020-02-04",
      "dayNumber": 5,
      "isHalf": false,
      "meta": "",
    },
    "2020-02-05": Object {
      "date": "2020-02-05",
      "dayNumber": 7,
      "isHalf": true,
      "meta": "",
    },
    "2020-02-06": Object {
      "date": "2020-02-06",
      "dayNumber": 6,
      "isHalf": false,
      "meta": "",
    },
    "2020-02-07": Object {
      "date": "2020-02-07",
      "dayNumber": 7,
      "isHalf": false,
      "meta": "",
    },
    "2020-02-10": Object {
      "date": "2020-02-10",
      "dayNumber": 1,
      "isHalf": false,
      "meta": "",
    },
    "2020-02-11": Object {
      "date": "2020-02-11",
      "dayNumber": 2,
      "isHalf": false,
      "meta": "",
    },
    "2020-02-12": Object {
      "date": "2020-02-12",
      "dayNumber": 3,
      "isHalf": false,
      "meta": "",
    },
    "2020-02-13": Object {
      "date": "2020-02-13",
      "dayNumber": 4,
      "isHalf": false,
      "meta": "",
    },
    "2020-02-14": Object {
      "date": "2020-02-14",
      "dayNumber": 5,
      "isHalf": false,
      "meta": "",
    },
    "2020-02-24": Object {
      "date": "2020-02-24",
      "dayNumber": 6,
      "isHalf": false,
      "meta": "",
    },
    "2020-02-25": Object {
      "date": "2020-02-25",
      "dayNumber": 7,
      "isHalf": false,
      "meta": "",
    },
    "2020-02-26": Object {
      "date": "2020-02-26",
      "dayNumber": 1,
      "isHalf": false,
      "meta": "",
    },
    "2020-02-27": Object {
      "date": "2020-02-27",
      "dayNumber": 2,
      "isHalf": false,
      "meta": "",
    },
    "2020-02-28": Object {
      "date": "2020-02-28",
      "dayNumber": 3,
      "isHalf": false,
      "meta": "",
    },
    "2020-03-02": Object {
      "date": "2020-03-02",
      "dayNumber": 4,
      "isHalf": false,
      "meta": "",
    },
    "2020-03-03": Object {
      "date": "2020-03-03",
      "dayNumber": 5,
      "isHalf": false,
      "meta": "",
    },
    "2020-03-04": Object {
      "date": "2020-03-04",
      "dayNumber": 1,
      "isHalf": true,
      "meta": "",
    },
    "2020-03-05": Object {
      "date": "2020-03-05",
      "dayNumber": 6,
      "isHalf": false,
      "meta": "",
    },
    "2020-03-06": Object {
      "date": "2020-03-06",
      "dayNumber": 7,
      "isHalf": false,
      "meta": "",
    },
    "2020-03-09": Object {
      "date": "2020-03-09",
      "dayNumber": 1,
      "isHalf": false,
      "meta": "",
    },
    "2020-03-10": Object {
      "date": "2020-03-10",
      "dayNumber": 2,
      "isHalf": false,
      "meta": "",
    },
    "2020-03-11": Object {
      "date": "2020-03-11",
      "dayNumber": 3,
      "isHalf": false,
      "meta": "",
    },
    "2020-03-12": Object {
      "date": "2020-03-12",
      "dayNumber": 4,
      "isHalf": false,
      "meta": "",
    },
    "2020-03-13": Object {
      "date": "2020-03-13",
      "dayNumber": 5,
      "isHalf": false,
      "meta": "",
    },
    "2020-03-16": Object {
      "date": "2020-03-16",
      "dayNumber": 6,
      "isHalf": false,
      "meta": "",
    },
    "2020-03-17": Object {
      "date": "2020-03-17",
      "dayNumber": 7,
      "isHalf": false,
      "meta": "",
    },
    "2020-03-18": Object {
      "date": "2020-03-18",
      "dayNumber": 1,
      "isHalf": false,
      "meta": "",
    },
    "2020-03-19": Object {
      "date": "2020-03-19",
      "dayNumber": 2,
      "isHalf": false,
      "meta": "",
    },
    "2020-03-20": Object {
      "date": "2020-03-20",
      "dayNumber": 3,
      "isHalf": false,
      "meta": "",
    },
    "2020-03-23": Object {
      "date": "2020-03-23",
      "dayNumber": 4,
      "isHalf": false,
      "meta": "",
    },
    "2020-03-26": Object {
      "date": "2020-03-26",
      "dayNumber": 5,
      "isHalf": false,
      "meta": "",
    },
    "2020-03-27": Object {
      "date": "2020-03-27",
      "dayNumber": 6,
      "isHalf": false,
      "meta": "",
    },
    "2020-03-30": Object {
      "date": "2020-03-30",
      "dayNumber": 7,
      "isHalf": false,
      "meta": "",
    },
    "2020-03-31": Object {
      "date": "2020-03-31",
      "dayNumber": 1,
      "isHalf": false,
      "meta": "",
    },
    "2020-04-01": Object {
      "date": "2020-04-01",
      "dayNumber": 3,
      "isHalf": true,
      "meta": "",
    },
    "2020-04-02": Object {
      "date": "2020-04-02",
      "dayNumber": 2,
      "isHalf": false,
      "meta": "",
    },
    "2020-04-03": Object {
      "date": "2020-04-03",
      "dayNumber": 3,
      "isHalf": false,
      "meta": "",
    },
    "2020-04-06": Object {
      "date": "2020-04-06",
      "dayNumber": 4,
      "isHalf": false,
      "meta": "",
    },
    "2020-04-07": Object {
      "date": "2020-04-07",
      "dayNumber": 5,
      "isHalf": false,
      "meta": "",
    },
    "2020-04-08": Object {
      "date": "2020-04-08",
      "dayNumber": 6,
      "isHalf": false,
      "meta": "",
    },
    "2020-04-09": Object {
      "date": "2020-04-09",
      "dayNumber": 7,
      "isHalf": false,
      "meta": "",
    },
    "2020-04-13": Object {
      "date": "2020-04-13",
      "dayNumber": 1,
      "isHalf": false,
      "meta": "",
    },
    "2020-04-14": Object {
      "date": "2020-04-14",
      "dayNumber": 2,
      "isHalf": false,
      "meta": "",
    },
    "2020-04-15": Object {
      "date": "2020-04-15",
      "dayNumber": 3,
      "isHalf": false,
      "meta": "",
    },
    "2020-04-16": Object {
      "date": "2020-04-16",
      "dayNumber": 4,
      "isHalf": false,
      "meta": "",
    },
    "2020-04-17": Object {
      "date": "2020-04-17",
      "dayNumber": 5,
      "isHalf": false,
      "meta": "",
    },
    "2020-04-27": Object {
      "date": "2020-04-27",
      "dayNumber": 6,
      "isHalf": false,
      "meta": "",
    },
    "2020-04-28": Object {
      "date": "2020-04-28",
      "dayNumber": 7,
      "isHalf": false,
      "meta": "",
    },
    "2020-04-29": Object {
      "date": "2020-04-29",
      "dayNumber": 1,
      "isHalf": false,
      "meta": "",
    },
    "2020-04-30": Object {
      "date": "2020-04-30",
      "dayNumber": 2,
      "isHalf": false,
      "meta": "",
    },
    "2020-05-01": Object {
      "date": "2020-05-01",
      "dayNumber": 3,
      "isHalf": false,
      "meta": "",
    },
    "2020-05-04": Object {
      "date": "2020-05-04",
      "dayNumber": 4,
      "isHalf": false,
      "meta": "",
    },
    "2020-05-05": Object {
      "date": "2020-05-05",
      "dayNumber": 5,
      "isHalf": false,
      "meta": "",
    },
    "2020-05-06": Object {
      "date": "2020-05-06",
      "dayNumber": 4,
      "isHalf": true,
      "meta": "",
    },
    "2020-05-07": Object {
      "date": "2020-05-07",
      "dayNumber": 6,
      "isHalf": false,
      "meta": "",
    },
    "2020-05-08": Object {
      "date": "2020-05-08",
      "dayNumber": 7,
      "isHalf": false,
      "meta": "",
    },
    "2020-05-11": Object {
      "date": "2020-05-11",
      "dayNumber": 1,
      "isHalf": false,
      "meta": "",
    },
    "2020-05-12": Object {
      "date": "2020-05-12",
      "dayNumber": 2,
      "isHalf": false,
      "meta": "",
    },
    "2020-05-13": Object {
      "date": "2020-05-13",
      "dayNumber": 3,
      "isHalf": false,
      "meta": "",
    },
    "2020-05-14": Object {
      "date": "2020-05-14",
      "dayNumber": 4,
      "isHalf": false,
      "meta": "",
    },
    "2020-05-15": Object {
      "date": "2020-05-15",
      "dayNumber": 5,
      "isHalf": false,
      "meta": "",
    },
    "2020-05-18": Object {
      "date": "2020-05-18",
      "dayNumber": 6,
      "isHalf": false,
      "meta": "",
    },
    "2020-05-21": Object {
      "date": "2020-05-21",
      "dayNumber": 7,
      "isHalf": false,
      "meta": "",
    },
    "2020-05-22": Object {
      "date": "2020-05-22",
      "dayNumber": 1,
      "isHalf": false,
      "meta": "",
    },
    "2020-05-26": Object {
      "date": "2020-05-26",
      "dayNumber": 2,
      "isHalf": false,
      "meta": "",
    },
    "2020-05-27": Object {
      "date": "2020-05-27",
      "dayNumber": 3,
      "isHalf": false,
      "meta": "",
    },
    "2020-05-28": Object {
      "date": "2020-05-28",
      "dayNumber": 4,
      "isHalf": false,
      "meta": "",
    },
    "2020-05-29": Object {
      "date": "2020-05-29",
      "dayNumber": 5,
      "isHalf": false,
      "meta": "",
    },
    "2020-06-01": Object {
      "date": "2020-06-01",
      "dayNumber": 6,
      "isHalf": false,
      "meta": "",
    },
    "2020-06-04": Object {
      "date": "2020-06-04",
      "dayNumber": 7,
      "isHalf": false,
      "meta": "",
    },
    "2020-06-05": Object {
      "date": "2020-06-05",
      "dayNumber": 2,
      "isHalf": true,
      "meta": "",
    },
    "2020-06-08": Object {
      "date": "2020-06-08",
      "dayNumber": 1,
      "isHalf": false,
      "meta": "",
    },
    "2020-06-09": Object {
      "date": "2020-06-09",
      "dayNumber": 2,
      "isHalf": false,
      "meta": "",
    },
    "2020-06-10": Object {
      "date": "2020-06-10",
      "dayNumber": 3,
      "isHalf": false,
      "meta": "",
    },
    "2020-06-11": Object {
      "date": "2020-06-11",
      "dayNumber": 4,
      "isHalf": false,
      "meta": "",
    },
    "2020-06-12": Object {
      "date": "2020-06-12",
      "dayNumber": 5,
      "isHalf": false,
      "meta": "",
    },
    "2020-06-15": Object {
      "date": "2020-06-15",
      "dayNumber": 6,
      "isHalf": false,
      "meta": "",
    },
    "2020-06-16": Object {
      "date": "2020-06-16",
      "dayNumber": 7,
      "isHalf": false,
      "meta": "",
    },
    "2020-06-17": Object {
      "date": "2020-06-17",
      "dayNumber": 1,
      "isHalf": false,
      "meta": "",
    },
    "2020-06-18": Object {
      "date": "2020-06-18",
      "dayNumber": 2,
      "isHalf": false,
      "meta": "",
    },
    "2020-06-19": Object {
      "date": "2020-06-19",
      "dayNumber": 3,
      "isHalf": false,
      "meta": "",
    },
    "2020-06-22": Object {
      "date": "2020-06-22",
      "dayNumber": 4,
      "isHalf": false,
      "meta": "",
    },
  },
}
`;
